[www.macchina.cc/guide.html]
[backblue.gif]
[fade.gif]
[index.html]
[www.macchina.cc/sites/default/files/favicon1.png]
[www.macchina.cc/guide/m2.html]
[www.macchina.cc/node/225.html]
[www.macchina.cc/sites/default/files/css/css_xE-rWrJf-fncB6ztZfd2huxqgxu4WO-qwma6Xer30m4.css]
[www.macchina.cc/sites/default/files/css/css_ZjkPAxW5TUC6BgXDB8zdjy-DyQ9ndILNs9KumxTlpjM.css]
[www.macchina.cc/sites/default/files/css/css_NdwwF6t6aglzfZPE3GdMuKDTx2iraepCt_wNWzz6UfA.css]
[maxcdn.bootstrapcdn.com/bootstrap/3.2.0/css/bootstrap.min.css]
[www.macchina.cc/sites/default/files/css/css_s_tXQGFMqeCZV0ncp4HPPVFzGSa-0X70-QmJTLIbJoU.css]
[www.macchina.cc/sites/default/files/js/js_g9KXZPmxgJ0pQYJeyxq_SiYSpL6WflD1eQ_kKEXvja4.js]
[www.macchina.cc/sites/default/files/js/js_1g9qr0dJ2DQpDdr8gYM584BidjryGgFlD0XAHs3iDzo.js]
[www.macchina.cc/sites/default/files/js/js_MznaG7R7Xjf_V3Kifs9y0mv5SlKgADRdZ_AHoPrTsJc.js]
[www.macchina.cc/sites/default/files/js/js_NtwpKAnSrErIcr0xxQI9COWpIAqvErPBpzFJO86eUtA.js]
[www.google-analytics.com/analytics.js]
[maxcdn.bootstrapcdn.com/bootstrap/3.2.0/js/bootstrap.min.js]
[www.macchina.cc/sites/default/files/js/js_1OtU3zVk89nxO7vg8ovLKMzNS88fZMsPjbI6HLa1ivE.js]
[www.macchina.cc/sites/all/themes/macchina_bb/scripts/classie.js]
[www.macchina.cc/user/login.html]
[www.macchina.cc/guide/m2/getting-started.html]
[www.macchina.cc/user/register.html]
[www.macchina.cc/guide/m2/overview.html]
[www.macchina.cc/guide/m2/processor.html]
[www.macchina.cc/guide/m2/automotive-interfaces.html]
[www.macchina.cc/guide/m2/communication.html]
[www.macchina.cc/guide/m2/memory.html]
[www.macchina.cc/guide/m2/power.html]
[www.macchina.cc/guide/m2/12vio.html]
[www.macchina.cc/guide/m2/leds.html]
[www.macchina.cc/guide/m2/enclosures.html]
[www.macchina.cc/catalog.html]
[www.macchina.cc/sites/default/files/color/macchina_bb-485d676d/logo.png]
[www.macchina.cc/index.html]
[buttons.github.io/buttons.js]
[www.macchina.cc/user/login8c6b.html]
[www.macchina.cc/user/register8c6b.html]
[www.macchina.cc/content/returns-and-refunds-policy.html]
[www.macchina.cc/guide.html]
[www.macchina.cc/content/disclaimer.html]
[www.macchina.cc/node/227.html]
[www.macchina.cc/sites/default/files/styles/large/public/IMG_6049a5c9.jpg]
[www.macchina.cc/user/login8221.html]
[www.macchina.cc/guide/m2.html]
[www.macchina.cc/node/225.html]
[www.macchina.cc/user/register8221.html]
[www.google.com/recaptcha/apifef7.js]
[www.macchina.cc/sites/default/files/js/js_0PtGODcJIaXG23N_qsK3rBdYXSkxgcBVQWGavy7usWk.js]
[www.macchina.cc/user.html]
[www.macchina.cc/user/login.html]
[www.macchina.cc/sites/default/files/car-number-565777.jpg]
[www.macchina.cc/user/password.html]
[www.macchina.cc/user/register.html]
[www.macchina.cc/sites/default/files/css/css_GfGLitluHTehKhwDKsVrMTyk5shhZxWCk0l1M08c4Ng.css]
[www.macchina.cc/node/228.html]
[www.macchina.cc/sites/default/files/styles/640_wide/public/preferences1c7c.png]
[www.macchina.cc/sites/default/files/styles/640_wide/public/board managerbf31.png]
[www.macchina.cc/sites/default/files/styles/640_wide/public/capture386c6.gif]
[www.macchina.cc/sites/default/files/styles/640_wide/public/step912bb.png]
[www.macchina.cc/sites/default/files/styles/640_wide/public/step11159f.png]
[www.macchina.cc/sites/default/files/styles/640_wide/public/step12ecb3.png]
[www.macchina.cc/user/loginf564.html]
[www.macchina.cc/guide/m2/getting-started.html]
[www.macchina.cc/user/registerf564.html]
[www.macchina.cc/guide/m2/overview/utd-under-dash.html]
[www.macchina.cc/node/229.html]
[www.macchina.cc/guide/m2/overview/uth-under-hood.html]
[www.macchina.cc/sites/default/files/styles/large/public/blockdiagram3_0_10efe.png]
[www.macchina.cc/sites/default/files/styles/640_wide/public/r14-16c68.png]
[www.macchina.cc/sites/default/files/styles/full_width/public/adaptable186c.png]
[www.macchina.cc/user/login4789.html]
[www.macchina.cc/guide/m2/overview.html]
[www.macchina.cc/user/register4789.html]
[www.macchina.cc/guide/m2/processor/pin-mapping.html]
[www.macchina.cc/node/230.html]
[www.macchina.cc/sites/default/files/styles/blog2/public/processor7f72.png]
[www.macchina.cc/sites/default/files/Arduino_ISO.jpg]
[www.atmel.com/Images/Atmel-11057-32-bit-Cortex-M3-Microcontroller-SAM3X-SAM3A_Datasheet.pdf]
[www.macchina.cc/sites/default/files/styles/datasheet/public/Atmel SAM3X8E5969.jpg]
[www.macchina.cc/user/login3796.html]
[www.macchina.cc/guide/m2/processor.html]
[www.macchina.cc/guide/m2/automotive-interfaces/can.html]
[www.macchina.cc/user/register3796.html]
[www.macchina.cc/node/232.html]
[www.macchina.cc/guide/m2/automotive-interfaces/single-wire-can.html]
[www.macchina.cc/guide/m2/automotive-interfaces/lin.html]
[www.macchina.cc/guide/m2/automotive-interfaces/k-line.html]
[www.macchina.cc/guide/m2/automotive-interfaces/j1850-pwm.html]
[www.macchina.cc/guide/m2/automotive-interfaces/j1850-vpw.html]
[www.macchina.cc/sites/default/files/styles/640_wide/public/Interface_0d024.png]
[www.macchina.cc/automotive-interfaces/lin]
[www.macchina.cc/automotive-interfaces/single-wire-can]
[www.macchina.cc/guide/m2/automotive-interfaces.html]
[www.macchina.cc/user/logind507.html]
[www.macchina.cc/user/registerd507.html]
[www.macchina.cc/guide/m2/communication/bee-wireless-socket.html]
[www.macchina.cc/node/241.html]
[www.macchina.cc/guide/m2/communication/usb.html]
[www.macchina.cc/guide/m2/communication.html]
[www.macchina.cc/user/loginb8d8.html]
[www.macchina.cc/user/registerb8d8.html]
[www.macchina.cc/guide/m2/memory/microsd.html]
[www.macchina.cc/node/244.html]
[www.macchina.cc/guide/m2/memory/eeprom.html]
[www.macchina.cc/user/login34be.html]
[www.macchina.cc/guide/m2/memory.html]
[www.macchina.cc/user/register34be.html]
[www.macchina.cc/guide/m2/power/low-power-options.html]
[www.macchina.cc/node/247.html]
[www.macchina.cc/guide/m2/power.html]
[www.macchina.cc/user/login79a2.html]
[www.macchina.cc/user/register79a2.html]
[www.macchina.cc/node/249.html]
[www.macchina.cc/guide/m2/12vio.html]
[www.macchina.cc/user/loginfcfd.html]
[gist.github.com/macchina/8dcac21dcdcbb5105f6a6dd922269e02.js]
[www.macchina.cc/user/registerfcfd.html]
[www.macchina.cc/node/251.html]
[gist.github.com/macchina/57f3b4a208d271f154163d4260ccdbb7.js]
[www.macchina.cc/guide/m2/leds.html]
[www.macchina.cc/user/login4421.html]
[www.macchina.cc/user/register4421.html]
[www.macchina.cc/node/250.html]
[forum.macchina.cc/uploads/default/original/1X/f6d0d3e4023f7f2606384435c58ed1136896f18f.jpg]
[www.macchina.cc/sites/default/files/styles/large/public/R1_CASE_1.091f7.JPG]
[embed.githubusercontent.com/view/solid/macchina/mechanical/master/M2.0 ENCLOSURES/M2R2_CASE_TOP_UTDd41d.STL]
[embed.githubusercontent.com/view/solid/macchina/mechanical/master/M2.0 ENCLOSURES/M2R2_CASE_BOTTOM_UTDd41d.STL]
[www.macchina.cc/user/login23ef.html]
[www.macchina.cc/guide/m2/enclosures.html]
[www.macchina.cc/sites/default/files/styles/large/public/BB23d6.jpg]
[www.macchina.cc/user/register23ef.html]
[www.macchina.cc/sites/default/files/styles/large/public/_MG_07117fa9.jpg]
[www.macchina.cc/sites/default/files/styles/large/public/INT_UTHcae9.jpg]
[www.macchina.cc/sites/default/files/styles/large/public/INT_UTDa3f7.jpg]
[www.macchina.cc/sites/default/files/styles/large/public/M2_UTH2a86.jpg]
[www.macchina.cc/catalog.html]
[www.macchina.cc/sites/default/files/styles/large/public/M2_UTDeab9.jpg]
[www.macchina.cc/rss.xml]
[www.macchina.cc/sites/default/files/sneakpeak_0.jpg]
[www.macchina.cc/m2-introduction.html]
[www.macchina.cc/sites/default/files/business-1850021_1920_0.png]
[www.macchina.cc/content/macchina-who.html]
[www.macchina.cc/content/production-update-almost-there.html]
[www.macchina.cc/sites/default/files/interface board changes.png]
[www.macchina.cc/blogs/administrator.html]
[www.macchina.cc/user/logind5c9.html]
[www.macchina.cc/user/registerd5c9.html]
[www.macchina.cc/content/first-look-connyct-gets-your-car-internet.html]
[www.macchina.cc/sites/default/files/1.png]
[www.macchina.cc/user/loginf8db.html]
[www.macchina.cc/user/registerf8db.html]
[www.macchina.cc/content/developer-program-great-start.html]
[www.macchina.cc/sites/default/files/boxes and boxes.png]
[www.macchina.cc/user/login8c4a.html]
[www.macchina.cc/user/register8c4a.html]
[www.macchina.cc/content/developer-spotlight-collin-kidder-reverse-engineering-software-and-m2-firmware.html]
[www.macchina.cc/blog/15.html]
[www.macchina.cc/user/logina42f.html]
[www.macchina.cc/user/registera42f.html]
[www.macchina.cc/content/halfway-there-and-m2-starts-car.html]
[www.macchina.cc/blog/2.html]
[www.macchina.cc/user/login3da1.html]
[www.macchina.cc/user/register3da1.html]
[www.macchina.cc/node2679.html]
[www.macchina.cc/sites/default/files/preorderimage_0.png]
[www.macchina.cc/sites/default/files/carshow_0.jpg]
[www.macchina.cc/sites/default/files/devs_0.jpg]
[www.macchina.cc/superdev.html]
[www.macchina.cc/sites/default/files/bluk.jpg]
[www.macchina.cc/bulkform.html]
[www.macchina.cc/index.html]
[www.macchina.cc/user/login8c6b.html]
[www.macchina.cc/user/register8c6b.html]
[www.macchina.cc/node/223.html]
[www.macchina.cc/content/returns-and-refunds-policy.html]
[www.macchina.cc/node/190.html]
[www.macchina.cc/disclaimer.html]
[www.macchina.cc/content/disclaimer.html]
[www.macchina.cc/node/227.html]
[www.macchina.cc/user/login8221.html]
[www.macchina.cc/user/register8221.html]
[www.macchina.cc/user.html]
[www.macchina.cc/user/password.html]
[www.macchina.cc/node/228.html]
[www.macchina.cc/user/loginf564.html]
[www.macchina.cc/user/registerf564.html]
[www.macchina.cc/node/233.html]
[www.macchina.cc/sites/default/files/styles/640_wide/public/UTD_09c94.png]
[www.macchina.cc/user/login10b4.html]
[www.macchina.cc/user/register10b4.html]
[www.macchina.cc/guide/m2/overview/utd-under-dash.html]
[www.macchina.cc/node/229.html]
[www.macchina.cc/node/234.html]
[www.macchina.cc/sites/default/files/styles/640_wide/public/UTHc4ce.png]
[www.macchina.cc/user/login61bd.html]
[www.macchina.cc/user/register61bd.html]
[www.macchina.cc/guide/m2/overview/uth-under-hood.html]
[www.macchina.cc/user/login4789.html]
[www.macchina.cc/user/register4789.html]
[www.macchina.cc/node/231.html]
[www.macchina.cc/user/login14a4.html]
[www.macchina.cc/user/register14a4.html]
[www.macchina.cc/guide/m2/processor/pin-mapping.html]
[www.macchina.cc/node/230.html]
[www.macchina.cc/user/login3796.html]
[www.macchina.cc/user/register3796.html]
[www.macchina.cc/node/235.html]
[www.nxp.com/docs/en/data-sheet/TJA1051.pdf]
[www.macchina.cc/sites/default/files/styles/datasheet/public/TJA1051.b38785.delayed]
[www.macchina.cc/user/login0441.html]
[www.macchina.cc/guide/m2/automotive-interfaces/can.html]
[www.macchina.cc/user/register0441.html]
[www.macchina.cc/node/automotive-interfaces/can.b6.delayed]
[www.macchina.cc/node/automotive-interfaces/j1850-pwm]
[www.macchina.cc/node/automotive-interfaces/j1850-vpw]
[www.macchina.cc/node/automotive-interfaces/k-line]
[www.macchina.cc/node/232.html]
[www.macchina.cc/node/240.html]
[www.macchina.cc/user/loginea60.html]
[www.macchina.cc/guide/m2/automotive-interfaces/single-wire-can.html]
[www.macchina.cc/user/registerea60.html]
[www.macchina.cc/node/239.html]
[www.macchina.cc/sites/default/files/styles/medium/public/LIN_Logo_0114b.jpg]
[www.nxp.com/docs/en/data-sheet/TJA1021.pdf]
[www.macchina.cc/sites/default/files/styles/datasheet/public/TJA102117cf.png]
[www.macchina.cc/user/login829e.html]
[www.macchina.cc/user/register829e.html]
[www.macchina.cc/guide/m2/automotive-interfaces/lin.html]
[www.macchina.cc/node/238.html]
[www.macchina.cc/sites/default/files/styles/datasheet/public/TJA1021b0ee.jpg]
[www.macchina.cc/user/login8f3a.html]
[www.macchina.cc/user/register8f3a.html]
[www.macchina.cc/guide/m2/automotive-interfaces/k-line.html]
[www.macchina.cc/node/236.html]
[www.macchina.cc/sites/default/files/css/css_6-IyexDZ24hY88bDj-r8vkWjCbNhCrzL4kxQXKhjC8Y.css]
[gist.github.com/macchina/23305d9bbc2db2fa89e0c19962728575.js]
[www.macchina.cc/sites/default/files/styles/medium/public/IMG_20161216_132049053.cd4146.delayed]
[www.macchina.cc/user/login7426.html]
[www.macchina.cc/user/register7426.html]
[www.macchina.cc/comment/39.html]
[www.macchina.cc/guide/m2/automotive-interfaces/j1850-pwm.html]
[www.macchina.cc/node/237.html]
[www.macchina.cc/user/login6661.html]
[www.macchina.cc/user/register6661.html]
[www.macchina.cc/guide/m2/automotive-interfaces/j1850-vpw.html]
[www.macchina.cc/automotive-interfaces/lin.html]
[www.macchina.cc/automotive-interfaces/single-wire-can.html]
[www.macchina.cc/user/logind507.html]
[www.macchina.cc/user/registerd507.html]
[www.macchina.cc/node/242.html]
[www.macchina.cc/user/loginc067.html]
[www.macchina.cc/user/registerc067.html]
[www.macchina.cc/guide/m2/communication/bee-wireless-socket.html]
[www.macchina.cc/node/241.html]
[www.macchina.cc/node/243.html]
[www.macchina.cc/user/login24e8.html]
[www.macchina.cc/user/register24e8.html]
[www.macchina.cc/guide/m2/communication/usb.html]
[www.macchina.cc/user/loginb8d8.html]
[www.macchina.cc/user/registerb8d8.html]
[www.macchina.cc/node/246.html]
[www.macchina.cc/sites/default/files/styles/medium/public/Sandisk_microSDXC_64GB_Ultrac6dc.jpg]
[gist.github.com/anonymous/c7e3719a432a3abb6b9e.js]
[www.macchina.cc/user/login292d.html]
[www.macchina.cc/user/register292d.html]
[www.macchina.cc/guide/m2/memory/microsd.html]
[www.macchina.cc/node/244.html]
[www.macchina.cc/node/245.html]
[media.digikey.com/Renders/__Pkg.Case or Series/8-SOIC.jpg]
[ww1.microchip.com/downloads/en/DeviceDoc/21713M.pdf]
[www.macchina.cc/sites/default/files/styles/datasheet/public/24AA32A_24LC32A.e4b89f.delayed]
[www.macchina.cc/user/login2455.html]
[www.macchina.cc/user/register2455.html]
[www.macchina.cc/guide/m2/memory/eeprom.html]
[www.macchina.cc/user/login34be.html]
[www.macchina.cc/user/register34be.html]
[www.macchina.cc/node/248.html]
[gist.github.com/macchina/a566f4691e6d7a413c5385c9f869c89a.js]
[www.macchina.cc/user/loginf12f.html]
[www.macchina.cc/user/registerf12f.html]
[www.macchina.cc/guide/m2/power/low-power-options.html]
[www.macchina.cc/node/247.html]
[www.macchina.cc/user/login79a2.html]
[www.macchina.cc/user/register79a2.html]
[www.macchina.cc/node/249.html]
[www.macchina.cc/user/loginfcfd.html]
[www.macchina.cc/user/registerfcfd.html]
[www.macchina.cc/node/251.html]
[www.macchina.cc/user/login4421.html]
[www.macchina.cc/user/register4421.html]
[www.macchina.cc/node/250.html]
[www.macchina.cc/user/login23ef.html]
[www.macchina.cc/user/register23ef.html]
[www.macchina.cc/node/218.html]
[www.macchina.cc/sites/default/files/www.gifmaker.me-cool (1).gif]
[www.macchina.cc/sites/default/files/styles/640_wide/public/capable662a.png]
[www.macchina.cc/sites/default/files/styles/640_wide/public/universal9234.png]
[www.macchina.cc/sites/default/files/styles/640_wide/public/familar5616.png]
[www.macchina.cc/sites/default/files/styles/640_wide/public/adaptable_0a35e.png]
[www.macchina.cc/sites/default/files/styles/640_wide/public/Bananaf18c.jpg]
[www.macchina.cc/sites/default/files/styles/640_wide/public/connectable60ba.png]
[www.macchina.cc/sites/default/files/styles/640_wide/public/breakoutable4f35.png]
[www.macchina.cc/sites/default/files/styles/640_wide/public/r302178.png]
[www.macchina.cc/sites/default/files/styles/640_wide/public/affordablece75.png]
[www.macchina.cc/sites/default/files/styles/640_wide/public/processor_01f32.png]
[www.macchina.cc/sites/default/files/styles/640_wide/public/Interface0252.png]
[www.macchina.cc/sites/default/files/styles/640_wide/public/Open Sourcec1be.png]
[www.macchina.cc/user/login10b6.html]
[www.macchina.cc/m2-introduction.html]
[www.macchina.cc/user/register10b6.html]
[www.macchina.cc/node/220.html]
[www.macchina.cc/sites/default/files/styles/full_width/public/M2 With Code48e3.png]
[www.macchina.cc/sites/default/files/styles/blog/public/Nerds!7395.jpg]
[www.macchina.cc/sites/default/files/styles/blog/public/IMG_5892b695.jpg]
[www.macchina.cc/sites/default/files/styles/blog/public/forum updatea3f0.png]
[www.macchina.cc/sites/default/files/styles/blog/public/motorcycle-show-1174888_19208499.jpg]
[www.macchina.cc/user/login002d.html]
[www.macchina.cc/content/macchina-who.html]
[www.macchina.cc/user/register002d.html]
[www.macchina.cc/content/production-update-almost-there.html]
[www.macchina.cc/node/252.html]
[www.macchina.cc/blog/1/feed]
[www.macchina.cc/blogs/administrator.html]
[www.macchina.cc/user/logind5c9.html]
[www.macchina.cc/user/registerd5c9.html]
[www.macchina.cc/blogs/administrator2679.html]
[www.macchina.cc/content/first-look-connyct-gets-your-car-internet.html]
[www.macchina.cc/user/loginf8db.html]
[www.macchina.cc/user/registerf8db.html]
[www.macchina.cc/node/222.html]
[www.macchina.cc/node/221.html]
[www.macchina.cc/content/developer-program-great-start.html]
[www.macchina.cc/sites/default/files/forum update_0.png]
[www.macchina.cc/user/login8c4a.html]
[www.macchina.cc/user/register8c4a.html]
[www.macchina.cc/content/developer-spotlight-collin-kidder-reverse-engineering-software-and-m2-firmware.html]
[www.macchina.cc/node/204.html]
[www.macchina.cc/blog/15/feed]
[www.macchina.cc/content/campaign.html]
[www.macchina.cc/user/login140b.html]
[www.macchina.cc/blog/15.html]
[www.macchina.cc/user/logina42f.html]
[www.macchina.cc/user/registera42f.html]
[www.macchina.cc/user/register140b.html]
[www.macchina.cc/content/halfway-there-and-m2-starts-car.html]
[www.macchina.cc/node/203.html]
[www.macchina.cc/blog/2/feed]
[www.macchina.cc/content/macchina-so-far.html]
[www.macchina.cc/user/logindaf1.html]
[www.macchina.cc/content/glimpse-inside-m2.html]
[www.macchina.cc/user/registerdaf1.html]
[www.macchina.cc/sites/default/files/blockdiagram3.png]
[www.macchina.cc/user/loginda2c.html]
[www.macchina.cc/user/registerda2c.html]
[www.macchina.cc/content/tesla-lin-bus-hacking-macchina.html]
[www.macchina.cc/sites/default/files/stretchla-v2-695x275 (1).jpg]
[www.macchina.cc/user/login0ad3.html]
[www.macchina.cc/user/register0ad3.html]
[www.macchina.cc/content/and-you-may-ask-yourself-wellhow-did-we-get-here.html]
[www.macchina.cc/sites/default/files/M 09.jpg]
[www.macchina.cc/user/login5950.html]
[www.macchina.cc/blog/2.html]
[www.macchina.cc/user/login3da1.html]
[www.macchina.cc/user/register3da1.html]
[www.macchina.cc/user/register5950.html]
[www.macchina.cc/content/m2-already-use-security-professionals.html]
[www.macchina.cc/sites/default/files/CanCat0.png]
[www.macchina.cc/blog/140.html]
[www.macchina.cc/user/login63dd.html]
[www.macchina.cc/user/register63dd.html]
[www.macchina.cc/node2679.html]
[www.macchina.cc/node.html]
[www.macchina.cc/node/69.html]
[www.macchina.cc/sites/default/files/css/css_v6LLoJ4xnffW2j9R556sA--bn6eRkztk8R3L-H_gKB8.css]
[www.macchina.cc/superdev.html]
[www.macchina.cc/sites/default/files/js/js_k-HaNpT-Mthlf0tsmgWNIXXsOQ9iBt0R8vOmM3a5Uok.js]
[www.macchina.cc/bulkform.html]
[www.macchina.cc/node/223.html]
[www.macchina.cc/node/190.html]
[www.macchina.cc/node/211.html]
[www.macchina.cc/disclaimer.html]
[www.macchina.cc/node/233.html]
[www.macchina.cc/user/login10b4.html]
[www.macchina.cc/user/register10b4.html]
[www.macchina.cc/node/234.html]
[www.macchina.cc/user/login61bd.html]
[www.macchina.cc/user/register61bd.html]
[www.macchina.cc/node/231.html]
[www.macchina.cc/user/login14a4.html]
[www.macchina.cc/user/register14a4.html]
[www.macchina.cc/node/235.html]
[www.macchina.cc/user/login0441.html]
[www.macchina.cc/user/register0441.html]
[www.macchina.cc/node/automotive-interfaces/can.html]
[www.macchina.cc/node/automotive-interfaces/j1850-pwm.html]
[www.macchina.cc/node/automotive-interfaces/j1850-vpw.html]
[www.macchina.cc/node/automotive-interfaces/k-line.html]
[www.macchina.cc/node/240.html]
[www.macchina.cc/user/loginea60.html]
[www.macchina.cc/user/registerea60.html]
[www.macchina.cc/node/239.html]
[www.macchina.cc/user/login829e.html]
[www.macchina.cc/user/register829e.html]
[www.macchina.cc/node/238.html]
[www.macchina.cc/user/login8f3a.html]
[www.macchina.cc/user/register8f3a.html]
[www.macchina.cc/node/236.html]
[www.macchina.cc/user/login7426.html]
[www.macchina.cc/user/register7426.html]
[www.macchina.cc/comment/39.html]
[www.macchina.cc/node/237.html]
[www.macchina.cc/user/login6661.html]
[www.macchina.cc/user/register6661.html]
[www.macchina.cc/node/242.html]
[www.macchina.cc/user/loginc067.html]
[www.macchina.cc/user/registerc067.html]
[www.macchina.cc/node/243.html]
[www.macchina.cc/user/login24e8.html]
[www.macchina.cc/user/register24e8.html]
[www.macchina.cc/node/246.html]
[www.macchina.cc/user/login292d.html]
[www.macchina.cc/user/register292d.html]
[www.macchina.cc/node/245.html]
[www.macchina.cc/user/login2455.html]
[www.macchina.cc/user/register2455.html]
[www.macchina.cc/node/248.html]
[www.macchina.cc/user/loginf12f.html]
[www.macchina.cc/user/registerf12f.html]
[www.macchina.cc/node/218.html]
[www.macchina.cc/user/login10b6.html]
[www.macchina.cc/user/register10b6.html]
[www.macchina.cc/node/220.html]
[www.macchina.cc/user/login002d.html]
[www.macchina.cc/user/register002d.html]
[www.macchina.cc/node/252.html]
[www.macchina.cc/node/213.html]
[www.macchina.cc/content/what-macchina.html]
[www.macchina.cc/content/canbus-viewer-example-project.html]
[www.macchina.cc/sites/default/files/canbus.jpg]
[www.macchina.cc/user/login20c8.html]
[www.macchina.cc/blogs/administrator2679.html]
[www.macchina.cc/node/222.html]
[www.macchina.cc/node/221.html]
[www.macchina.cc/node/204.html]
[www.macchina.cc/user/register20c8.html]
[www.macchina.cc/node/201.html]
[www.macchina.cc/content/campaign.html]
[www.macchina.cc/user/login140b.html]
[www.macchina.cc/user/register140b.html]
[www.macchina.cc/node/203.html]
[www.macchina.cc/news.html]
[www.macchina.cc/node/90.html]
[www.macchina.cc/content/arduino.cc]
[www.macchina.cc/content/macchina-so-far.html]
[www.macchina.cc/user/logindaf1.html]
[www.macchina.cc/user/registerdaf1.html]
[www.macchina.cc/node/3.html]
[www.macchina.cc/sites/default/files/exploded.jpg]
[www.macchina.cc/sites/default/files/DashOrHood.png]
[www.macchina.cc/sites/default/files/img_thermal_1467762700356.jpg]
[www.macchina.cc/content/glimpse-inside-m2.html]
[www.macchina.cc/user/loginda2c.html]
[www.macchina.cc/user/registerda2c.html]
[www.macchina.cc/comment/17.html]
[www.macchina.cc/node/2.html]
[www.macchina.cc/tags/made-w-macchina.html]
[www.macchina.cc/comment/34.html]
[www.macchina.cc/content/tesla-lin-bus-hacking-macchina.html]
[www.macchina.cc/user/login0ad3.html]
[www.macchina.cc/user/register0ad3.html]
[www.macchina.cc/comment/35.html]
[www.macchina.cc/node/1.html]
[www.macchina.cc/sites/default/files/image5.png]
[www.macchina.cc/sites/default/files/M0.9_ISO_SMALLER.jpg]
[www.macchina.cc/sites/default/files/styles/medium/public/M0.9_ISO_SMALLER208f.jpg]
[www.macchina.cc/sites/default/files/IMG_2052-4.jpg]
[www.macchina.cc/sites/default/files/styles/medium/public/IMG_2052-41095.jpg]
[www.macchina.cc/content/and-you-may-ask-yourself-wellhow-did-we-get-here.html]
[www.macchina.cc/user/login5950.html]
[www.macchina.cc/user/register5950.html]
[www.macchina.cc/content/m2-already-use-security-professionals.html]
[www.macchina.cc/node/202.html]
[www.macchina.cc/blog/140.html]
[www.macchina.cc/user/login63dd.html]
[www.macchina.cc/user/register63dd.html]
[www.macchina.cc/node.html]
[www.macchina.cc/node/69.html]
[www.macchina.cc/node/211.html]
[www.macchina.cc/node/213.html]
[www.macchina.cc/blog/140/feed]
[www.macchina.cc/node/85.html]
[www.macchina.cc/sites/default/files/Macchina_1_D8C_9332_16x9_133dpi.jpg]
[www.macchina.cc/content/what-macchina.html]
[www.macchina.cc/node/49.html]
[www.macchina.cc/content/canbus-viewer-example-project.html]
[www.macchina.cc/user/login20c8.html]
[www.macchina.cc/user/register20c8.html]
[www.macchina.cc/node/201.html]
[www.macchina.cc/comment/33.html]
[www.macchina.cc/taxonomy/term/10.html]
[www.macchina.cc/taxonomy/term/10/feed]
[www.macchina.cc/news.html]
[www.macchina.cc/sites/default/files/css/css_z9YNO0npbXSx-bDtZhbcmzkAetJZsCVunpxcvYCrdyM.css]
[www.macchina.cc/node/arduino.cc]
[www.macchina.cc/node/90.html]
[www.macchina.cc/node/3.html]
[www.macchina.cc/comment/17.html]
[www.macchina.cc/node/2.html]
[www.macchina.cc/taxonomy/term/3.html]
[www.macchina.cc/tags/made-w-macchina.html]
[www.macchina.cc/taxonomy/term/3/feed]
[www.macchina.cc/comment/34.html]
[www.macchina.cc/comment/35.html]
[www.macchina.cc/node/1.html]
[www.macchina.cc/node/202.html]
[www.macchina.cc/node/85.html]
[www.macchina.cc/node/49.html]
[www.macchina.cc/comment/33.html]
[www.macchina.cc/taxonomy/term/10.html]
[www.macchina.cc/taxonomy/term/3.html]
[maxcdn.bootstrapcdn.com/bootstrap/3.2.0/js/bootstrap.min.js]
[www.macchina.cc/guide/m2.html]
[www.google.com/recaptcha/apifef7.js]
[www.macchina.cc/sites/default/files/css/css_xE-rWrJf-fncB6ztZfd2huxqgxu4WO-qwma6Xer30m4.css]
[www.macchina.cc/sites/default/files/color/macchina_bb-485d676d/logo.png]
[www.macchina.cc/sites/default/files/styles/large/public/IMG_6049a5c9.jpg]
[www.macchina.cc/sites/default/files/car-number-565777.jpg]
[www.macchina.cc/sites/all/modules/collapsiblock/expanded.png]
[www.macchina.cc/sites/default/files/styles/640_wide/public/capture386c6.gif]
[www.macchina.cc/sites/default/files/styles/640_wide/public/preferences1c7c.png]
[www.macchina.cc/sites/default/files/styles/640_wide/public/board managerbf31.png]
[www.macchina.cc/sites/all/modules/collapsiblock/collapsed.png]
[www.macchina.cc/sites/default/files/css/css_ZjkPAxW5TUC6BgXDB8zdjy-DyQ9ndILNs9KumxTlpjM.css]
[www.macchina.cc/sites/default/files/styles/640_wide/public/step912bb.png]
[www.macchina.cc/sites/default/files/styles/640_wide/public/step11159f.png]
[www.macchina.cc/sites/default/files/styles/640_wide/public/step12ecb3.png]
[www.macchina.cc/sites/default/files/styles/large/public/blockdiagram3_0_10efe.png]
[www.macchina.cc/sites/default/files/css/css_NdwwF6t6aglzfZPE3GdMuKDTx2iraepCt_wNWzz6UfA.css]
[maxcdn.bootstrapcdn.com/bootstrap/3.2.0/css/bootstrap.min.css]
[maxcdn.bootstrapcdn.com/bootstrap/3.2.0/fonts/glyphicons-halflings-regular.svg]
[www.macchina.cc/sites/default/files/styles/blog/public/IMG_5892b695.jpg]
[www.macchina.cc/sites/default/files/styles/blog/public/forum updatea3f0.png]
[www.macchina.cc/sites/default/files/styles/blog/public/motorcycle-show-1174888_19208499.jpg]
[www.macchina.cc/sites/all/themes/macchina_bb/images/ic_menu_white_48dp_1x.png]
[www.macchina.cc/sites/default/files/css/css_s_tXQGFMqeCZV0ncp4HPPVFzGSa-0X70-QmJTLIbJoU.css]
[www.macchina.cc/sites/default/files/forum update_0.png]
[www.macchina.cc/sites/default/files/js/js_g9KXZPmxgJ0pQYJeyxq_SiYSpL6WflD1eQ_kKEXvja4.js]
[www.macchina.cc/blog/1/feed]
[www.macchina.cc/sites/default/files/js/js_1g9qr0dJ2DQpDdr8gYM584BidjryGgFlD0XAHs3iDzo.js]
[www.macchina.cc/blog/15/feed]
[www.macchina.cc/sites/default/files/js/js_MznaG7R7Xjf_V3Kifs9y0mv5SlKgADRdZ_AHoPrTsJc.js]
[www.macchina.cc/blog/2/feed]
[www.macchina.cc/sites/default/files/js/js_NtwpKAnSrErIcr0xxQI9COWpIAqvErPBpzFJO86eUtA.js]
[www.macchina.cc/sites/default/files/blockdiagram3.png]
[www.macchina.cc/sites/default/files/js/js_1OtU3zVk89nxO7vg8ovLKMzNS88fZMsPjbI6HLa1ivE.js]
[www.macchina.cc/sites/default/files/stretchla-v2-695x275 (1).jpg]
[www.macchina.cc/sites/all/themes/macchina_bb/scripts/classie.js]
[www.macchina.cc/user/login8c6b.html]
[www.macchina.cc/sites/default/files/M 09.jpg]
[cdn-images.mailchimp.com/embedcode/slim-081711.css]
[www.macchina.cc/sites/default/files/CanCat0.png]
[www.macchina.cc/user/login8221.html]
[www.macchina.cc/sites/default/files/canbus.jpg]
[www.macchina.cc/sites/default/files/js/js_0PtGODcJIaXG23N_qsK3rBdYXSkxgcBVQWGavy7usWk.js]
[www.macchina.cc/sites/default/files/exploded.jpg]
[www.macchina.cc/sites/default/files/css/css_GfGLitluHTehKhwDKsVrMTyk5shhZxWCk0l1M08c4Ng.css]
[www.macchina.cc/user/loginf564.html]
[www.macchina.cc/user/login4789.html]
[www.macchina.cc/user/login3796.html]
[www.macchina.cc/automotive-interfaces/lin.html]
[www.macchina.cc/user/loginfcfd.html]
[www.macchina.cc/user/login4421.html]
[www.macchina.cc/sites/default/files/DashOrHood.png]
[www.macchina.cc/sites/default/files/styles/large/public/R1_CASE_1.091f7.html]
[www.macchina.cc/sites/default/files/img_thermal_1467762700356.jpg]
[www.macchina.cc/user/login23ef.html]
[www.macchina.cc/m2-introduction.html]
[www.macchina.cc/content/macchina-who.html]
[www.macchina.cc/blogs/administrator.html]
[www.macchina.cc/user/loginf8db.html]
[www.macchina.cc/user/login8c4a.html]
[www.macchina.cc/superdev.html]
[www.macchina.cc/bulkform.html]
[www.macchina.cc/user/login10b4.html]
[www.macchina.cc/user/login61bd.html]
[www.macchina.cc/sites/default/files/image5.png]
[www.macchina.cc/sites/default/files/styles/datasheet/public/TJA10518785.html]
[www.macchina.cc/user/login829e.html]
[www.macchina.cc/sites/default/files/M0.9_ISO_SMALLER.jpg]
[www.macchina.cc/sites/default/files/styles/datasheet/public/TJA1021b0ee.html]
[www.macchina.cc/sites/default/files/IMG_2052-4.jpg]
[www.macchina.cc/sites/default/files/Macchina_1_D8C_9332_16x9_133dpi.jpg]
[www.macchina.cc/blog/140/feed]
[www.macchina.cc/taxonomy/term/10/feed]
[www.macchina.cc/sites/all/modules/advanced_forum/styles/naked/images/forum_list_default.png]
[www.macchina.cc/sites/all/modules/advanced_forum/styles/naked/images/forum_list_new_posts.png]
[www.macchina.cc/sites/all/modules/collapsiblock/expanded.png]
[www.macchina.cc/sites/all/modules/collapsiblock/collapsed.png]
[www.macchina.cc/sites/all/modules/advanced_forum/styles/naked/images/topic_list_default.png]
[www.macchina.cc/sites/all/themes/macchina_bb/images/ic_menu_white_48dp_1x.png]
[www.macchina.cc/sites/all/modules/advanced_forum/styles/naked/images/topic_list_new.png]
[www.macchina.cc/sites/all/modules/advanced_forum/styles/naked/images/topic_list_hot.png]
[www.macchina.cc/sites/all/modules/advanced_forum/styles/naked/images/topic_list_hot_new.png]
[www.macchina.cc/sites/all/modules/advanced_forum/styles/naked/images/topic_list_sticky.png]
[www.macchina.cc/sites/all/modules/advanced_forum/styles/naked/images/topic_list_closed.png]
[www.macchina.cc/sites/all/modules/advanced_forum/styles/naked/images/container_collapse.png]
[www.macchina.cc/sites/all/modules/advanced_forum/styles/naked/images/container_expand.png]
[www.macchina.cc/sites/default/files/css/css_6-IyexDZ24hY88bDj-r8vkWjCbNhCrzL4kxQXKhjC8Y.css]
[www.macchina.cc/sites/default/files/styles/medium/public/IMG_20161216_1320490534146.html]
[www.macchina.cc/sites/default/files/IMG_20161216_132049053.html]
[www.macchina.cc/sites/default/files/bees5.html]
[www.macchina.cc/has_js=1; path=/index.html]
[www.macchina.cc/sites/default/files/styles/medium/public/Sandisk_microSDXC_64GB_Ultrac6dc.html]
[www.macchina.cc/user/login292d.html]
[www.macchina.cc/sites/all/modules/advanced_forum/styles/naked/images/forum_list_default.png]
[www.macchina.cc/sites/default/files/styles/datasheet/public/24AA32A_24LC32Ab89f.html]
[www.macchina.cc/sites/all/modules/advanced_forum/styles/naked/images/forum_list_new_posts.png]
[www.macchina.cc/sites/all/modules/advanced_forum/styles/naked/images/topic_list_default.png]
[www.macchina.cc/sites/all/modules/advanced_forum/styles/naked/images/topic_list_new.png]
[www.macchina.cc/user/loginf12f.html]
[www.macchina.cc/user/login10b6.html]
[www.macchina.cc/user/login002d.html]
[www.macchina.cc/blogs/administrator2679.html]
[www.macchina.cc/node/204.html]
[www.macchina.cc/content/campaign.html]
[www.macchina.cc/content/macchina-so-far.html]
[www.macchina.cc/user/loginda2c.html]
[www.macchina.cc/user/login0ad3.html]
[www.macchina.cc/user/login5950.html]
[www.macchina.cc/blog/140.html]
[www.macchina.cc/sites/all/modules/advanced_forum/styles/naked/images/topic_list_hot.png]
[www.macchina.cc/sites/default/files/css/css_v6LLoJ4xnffW2j9R556sA--bn6eRkztk8R3L-H_gKB8.css]
[www.macchina.cc/sites/all/modules/advanced_forum/styles/naked/images/topic_list_hot_new.png]
[www.macchina.cc/sites/default/files/js/js_k-HaNpT-Mthlf0tsmgWNIXXsOQ9iBt0R8vOmM3a5Uok.js]
[www.macchina.cc/sites/all/modules/advanced_forum/styles/naked/images/topic_list_sticky.png]
[www.macchina.cc/user/login20c8.html]
[www.macchina.cc/content/arduino.html]
[www.macchina.cc/comment/17.html]
[www.macchina.cc/sites/default/files/styles/medium/public/M0.9_ISO_SMALLER208f.html]
[www.macchina.cc/sites/default/files/styles/medium/public/IMG_2052-41095.html]
[www.macchina.cc/node/85.html]
[www.macchina.cc/node/49.html]
[www.macchina.cc/sites/default/files/css/css_z9YNO0npbXSx-bDtZhbcmzkAetJZsCVunpxcvYCrdyM.css]
[www.macchina.cc/node/arduino.html]
[www.macchina.cc/sites/all/modules/advanced_forum/styles/naked/images/topic_list_closed.png]
[www.macchina.cc/sites/all/modules/advanced_forum/styles/naked/images/container_collapse.png]
[www.macchina.cc/sites/all/modules/advanced_forum/styles/naked/images/container_expand.png]
[www.macchina.cc/sites/all/modules/ctools/images/status-active.gif]
[www.macchina.cc/sites/default/files/styles/menu_icon/public/menu_icons/menu_icon_1017.png]
[www.macchina.cc/sites/default/files/styles/menu_icon/public/menu_icons/menu_icon_1018.png]
[www.macchina.cc/sites/default/files/styles/menu_icon/public/menu_icons/menu_icon_1022.png]
[www.macchina.cc/sites/default/files/styles/menu_icon/public/menu_icons/menu_icon_1024.png]
[www.macchina.cc/sites/default/files/styles/menu_icon/public/menu_icons/menu_icon_1028.png]
[www.macchina.cc/sites/default/files/styles/menu_icon/public/menu_icons/menu_icon_1131.png]
[www.macchina.cc/sites/default/files/styles/menu_icon/public/menu_icons/menu_icon_1136.png]
[www.macchina.cc/sites/default/files/styles/menu_icon/public/menu_icons/menu_icon_1138.png]
[maxcdn.bootstrapcdn.com/bootstrap/3.2.0/fonts/glyphicons-halflings-regular.svg]
[www.macchina.cc/has_js=1; path=/index.html]
[www.macchina.cc/sites/default/files/styles/menu_icon/public/menu_icons/menu_icon_1140.png]
[www.macchina.cc/sites/default/files/styles/menu_icon/public/menu_icons/menu_icon_1142.png]
[www.macchina.cc/sites/default/files/styles/menu_icon/public/menu_icons/menu_icon_1144.png]
